2025-12-07 19:50:00 | DEBUG | repo=a4m36jee-2014-security-seminar | action=commit
2025-04-10 07:33:00 | DEBUG | repo=a4m36jee-2014-security-seminar | action=commit
2025-11-03 11:09:00 | DEBUG | repo=a4m36jee-2014-security-seminar | action=commit
2025-11-20 08:52:00 | WARN | repo=a4m36jee-2014-security-seminar | action=commit
2025-09-17 15:03:00 | DEBUG | repo=a4m36jee-2014-security-seminar | action=commit
2025-12-17 09:24:00 | DEBUG | repo=a4m36jee-2014-security-seminar | action=commit
2025-07-15 16:08:00 | DEBUG | repo=a4m36jee-2014-security-seminar | action=test | passed=true
2025-07-12 19:09:00 | DEBUG | repo=a4m36jee-2014-security-seminar | action=edit | files=4
2025-01-28 18:12:00 | DEBUG | repo=a4m36jee-2014-security-seminar | action=commit
2025-07-15 12:11:00 | INFO | repo=a4m36jee-2014-security-seminar | action=commit
2025-11-26 13:55:00 | INFO | repo=a4m36jee-2014-security-seminar | action=commit
2025-06-05 08:55:00 | WARN | repo=a4m36jee-2014-security-seminar | action=commit
2025-01-08 08:38:00 | DEBUG | repo=a4m36jee-2014-security-seminar | action=commit
2025-03-09 07:22:00 | WARN | repo=a4m36jee-2014-security-seminar | action=commit
2025-04-27 14:49:00 | INFO | repo=a4m36jee-2014-security-seminar | action=edit | files=4
2025-02-12 19:18:00 | WARN | repo=a4m36jee-2014-security-seminar | action=commit
2025-07-09 15:36:00 | WARN | repo=a4m36jee-2014-security-seminar | action=commit
2025-11-02 08:06:00 | INFO | repo=a4m36jee-2014-security-seminar | action=commit
2025-09-25 19:03:00 | DEBUG | repo=a4m36jee-2014-security-seminar | action=commit
2025-12-13 17:54:00 | INFO | repo=a4m36jee-2014-security-seminar | action=commit
2025-03-04 14:23:00 | DEBUG | repo=a4m36jee-2014-security-seminar | action=test | passed=true
2025-01-15 15:46:00 | WARN | repo=a4m36jee-2014-security-seminar | action=commit
